// Jest Snapshot v1, https://goo.gl/fbAQLP

exports[`Product Component with props +++ render the connected(SMART) component 1`] = `1`;
